03-Feb-2026 07:57:32.603 INFO [main] org.apache.catalina.startup.VersionLoggerListener.log Server version name:   Apache Tomcat/11.0.6
03-Feb-2026 07:57:32.604 INFO [main] org.apache.catalina.startup.VersionLoggerListener.log Server built:          Apr 1 2025 14:40:40 UTC
03-Feb-2026 07:57:32.604 INFO [main] org.apache.catalina.startup.VersionLoggerListener.log Server version number: 11.0.6.0
03-Feb-2026 07:57:32.604 INFO [main] org.apache.catalina.startup.VersionLoggerListener.log OS Name:               Mac OS X
03-Feb-2026 07:57:32.604 INFO [main] org.apache.catalina.startup.VersionLoggerListener.log OS Version:            15.2
03-Feb-2026 07:57:32.604 INFO [main] org.apache.catalina.startup.VersionLoggerListener.log Architecture:          aarch64
03-Feb-2026 07:57:32.604 INFO [main] org.apache.catalina.startup.VersionLoggerListener.log Java Home:             /Users/shyamyadav/Documents/Java/jdk-24.jdk/Contents/Home
03-Feb-2026 07:57:32.604 INFO [main] org.apache.catalina.startup.VersionLoggerListener.log JVM Version:           24+36-3646
03-Feb-2026 07:57:32.604 INFO [main] org.apache.catalina.startup.VersionLoggerListener.log JVM Vendor:            Oracle Corporation
03-Feb-2026 07:57:32.604 INFO [main] org.apache.catalina.startup.VersionLoggerListener.log CATALINA_BASE:         /Users/shyamyadav/Downloads/selexp-lms
03-Feb-2026 07:57:32.604 INFO [main] org.apache.catalina.startup.VersionLoggerListener.log CATALINA_HOME:         /Users/shyamyadav/Documents/apache-tomcat-11.0.6
03-Feb-2026 07:57:32.610 INFO [main] org.apache.catalina.startup.VersionLoggerListener.log Command line argument: --add-opens=java.base/java.lang=ALL-UNNAMED
03-Feb-2026 07:57:32.610 INFO [main] org.apache.catalina.startup.VersionLoggerListener.log Command line argument: --add-opens=java.base/java.io=ALL-UNNAMED
03-Feb-2026 07:57:32.610 INFO [main] org.apache.catalina.startup.VersionLoggerListener.log Command line argument: --add-opens=java.base/java.util=ALL-UNNAMED
03-Feb-2026 07:57:32.610 INFO [main] org.apache.catalina.startup.VersionLoggerListener.log Command line argument: --add-opens=java.base/java.util.concurrent=ALL-UNNAMED
03-Feb-2026 07:57:32.610 INFO [main] org.apache.catalina.startup.VersionLoggerListener.log Command line argument: --add-opens=java.rmi/sun.rmi.transport=ALL-UNNAMED
03-Feb-2026 07:57:32.610 INFO [main] org.apache.catalina.startup.VersionLoggerListener.log Command line argument: -Dcatalina.home=/Users/shyamyadav/Documents/apache-tomcat-11.0.6
03-Feb-2026 07:57:32.610 INFO [main] org.apache.catalina.startup.VersionLoggerListener.log Command line argument: -Dcatalina.base=/Users/shyamyadav/Downloads/selexp-lms
03-Feb-2026 07:57:32.610 INFO [main] org.apache.catalina.startup.VersionLoggerListener.log Command line argument: -Djava.io.tmpdir=/Users/shyamyadav/Downloads/selexp-lms/temp
03-Feb-2026 07:57:32.610 INFO [main] org.apache.catalina.startup.VersionLoggerListener.log Command line argument: -Djava.util.logging.config.file=/Users/shyamyadav/Downloads/selexp-lms/conf/logging.properties
03-Feb-2026 07:57:32.610 INFO [main] org.apache.catalina.startup.VersionLoggerListener.log Command line argument: -Djava.util.logging.manager=org.apache.juli.ClassLoaderLogManager
03-Feb-2026 07:57:32.610 INFO [main] org.apache.catalina.startup.VersionLoggerListener.log Command line argument: -javaagent:/Applications/IntelliJ IDEA CE.app/Contents/lib/idea_rt.jar=49378
03-Feb-2026 07:57:32.610 INFO [main] org.apache.catalina.startup.VersionLoggerListener.log Command line argument: -Dfile.encoding=UTF-8
03-Feb-2026 07:57:32.610 INFO [main] org.apache.catalina.startup.VersionLoggerListener.log Command line argument: -Dsun.stdout.encoding=UTF-8
03-Feb-2026 07:57:32.610 INFO [main] org.apache.catalina.startup.VersionLoggerListener.log Command line argument: -Dsun.stderr.encoding=UTF-8
03-Feb-2026 07:57:32.615 INFO [main] org.apache.catalina.core.AprLifecycleListener.lifecycleEvent The Apache Tomcat Native library which allows using OpenSSL was not found on the java.library.path: [/Users/shyamyadav/Library/Java/Extensions:/Library/Java/Extensions:/Network/Library/Java/Extensions:/System/Library/Java/Extensions:/usr/lib/java:.]
03-Feb-2026 07:57:32.712 INFO [main] org.apache.coyote.AbstractProtocol.init Initializing ProtocolHandler ["http-nio-8080"]
03-Feb-2026 07:57:32.715 SEVERE [main] org.apache.catalina.util.LifecycleBase.handleSubClassException Failed to initialize component [Connector["http-nio-8080"]]
	org.apache.catalina.LifecycleException: Protocol handler initialization failed
		at org.apache.catalina.connector.Connector.initInternal(Connector.java:1054)
		at org.apache.catalina.util.LifecycleBase.init(LifecycleBase.java:122)
		at org.apache.catalina.core.StandardService.initInternal(StandardService.java:522)
		at org.apache.catalina.util.LifecycleBase.init(LifecycleBase.java:122)
		at org.apache.catalina.core.StandardServer.initInternal(StandardServer.java:953)
		at org.apache.catalina.util.LifecycleBase.init(LifecycleBase.java:122)
		at org.apache.catalina.startup.Catalina.load(Catalina.java:710)
		at org.apache.catalina.startup.Catalina.load(Catalina.java:733)
		at java.base/jdk.internal.reflect.DirectMethodHandleAccessor.invoke(DirectMethodHandleAccessor.java:104)
		at java.base/java.lang.reflect.Method.invoke(Method.java:565)
		at org.apache.catalina.startup.Bootstrap.load(Bootstrap.java:299)
		at org.apache.catalina.startup.Bootstrap.main(Bootstrap.java:472)
	Caused by: java.net.BindException: Address already in use
		at java.base/sun.nio.ch.Net.bind0(Native Method)
		at java.base/sun.nio.ch.Net.bind(Net.java:511)
		at java.base/sun.nio.ch.ServerSocketChannelImpl.netBind(ServerSocketChannelImpl.java:335)
		at java.base/sun.nio.ch.ServerSocketChannelImpl.bind(ServerSocketChannelImpl.java:297)
		at org.apache.tomcat.util.net.NioEndpoint.initServerSocket(NioEndpoint.java:241)
		at org.apache.tomcat.util.net.NioEndpoint.bind(NioEndpoint.java:196)
		at org.apache.tomcat.util.net.AbstractEndpoint.bindWithCleanup(AbstractEndpoint.java:1470)
		at org.apache.tomcat.util.net.AbstractEndpoint.init(AbstractEndpoint.java:1483)
		at org.apache.coyote.AbstractProtocol.init(AbstractProtocol.java:633)
		at org.apache.coyote.http11.AbstractHttp11Protocol.init(AbstractHttp11Protocol.java:83)
		at org.apache.catalina.connector.Connector.initInternal(Connector.java:1052)
		... 11 more
03-Feb-2026 07:57:32.715 INFO [main] org.apache.catalina.startup.Catalina.load Server initialization in [197] milliseconds
03-Feb-2026 07:57:32.727 INFO [main] org.apache.catalina.core.StandardService.startInternal Starting service [Catalina]
03-Feb-2026 07:57:32.727 INFO [main] org.apache.catalina.core.StandardEngine.startInternal Starting Servlet engine: [Apache Tomcat/11.0.6]
03-Feb-2026 07:57:32.730 INFO [main] org.apache.catalina.startup.HostConfig.deployDescriptor Deploying deployment descriptor [/Users/shyamyadav/Downloads/selexp-lms/conf/Catalina/localhost/selexp-lms.xml]
03-Feb-2026 07:57:33.310 INFO [main] org.apache.jasper.servlet.TldScanner.scanJars At least one JAR was scanned for TLDs yet contained no TLDs. Enable debug logging for this logger for a complete list of JARs that were scanned but no TLDs were found in them. Skipping unneeded JARs during scanning can improve startup time and JSP compilation time.
03-Feb-2026 07:57:33.322 INFO [main] org.apache.catalina.startup.HostConfig.deployDescriptor Deployment of deployment descriptor [/Users/shyamyadav/Downloads/selexp-lms/conf/Catalina/localhost/selexp-lms.xml] has finished in [592] ms
03-Feb-2026 07:57:33.323 INFO [main] org.apache.catalina.startup.Catalina.start Server startup in [606] milliseconds
03-Feb-2026 07:57:33.324 SEVERE [main] org.apache.catalina.core.StandardServer.await Failed to create server shutdown socket on address [localhost] and port [8005] (base port [8005] and offset [0])
	java.net.BindException: Address already in use
		at java.base/sun.nio.ch.Net.bind0(Native Method)
		at java.base/sun.nio.ch.Net.bind(Net.java:511)
		at java.base/sun.nio.ch.Net.bind(Net.java:500)
		at java.base/sun.nio.ch.NioSocketImpl.bind(NioSocketImpl.java:630)
		at java.base/java.net.ServerSocket.bind(ServerSocket.java:326)
		at java.base/java.net.ServerSocket.<init>(ServerSocket.java:222)
		at org.apache.catalina.core.StandardServer.await(StandardServer.java:532)
		at org.apache.catalina.startup.Catalina.await(Catalina.java:849)
		at org.apache.catalina.startup.Catalina.start(Catalina.java:797)
		at java.base/jdk.internal.reflect.DirectMethodHandleAccessor.invoke(DirectMethodHandleAccessor.java:104)
		at java.base/java.lang.reflect.Method.invoke(Method.java:565)
		at org.apache.catalina.startup.Bootstrap.start(Bootstrap.java:342)
		at org.apache.catalina.startup.Bootstrap.main(Bootstrap.java:473)
03-Feb-2026 07:57:33.324 INFO [main] org.apache.coyote.AbstractProtocol.pause Pausing ProtocolHandler ["http-nio-8080"]
03-Feb-2026 07:57:33.324 INFO [main] org.apache.catalina.core.StandardService.stopInternal Stopping service [Catalina]
03-Feb-2026 07:57:33.327 INFO [main] org.apache.coyote.AbstractProtocol.stop Stopping ProtocolHandler ["http-nio-8080"]
03-Feb-2026 07:57:33.327 INFO [main] org.apache.coyote.AbstractProtocol.destroy Destroying ProtocolHandler ["http-nio-8080"]
03-Feb-2026 07:57:48.409 INFO [main] org.apache.catalina.startup.VersionLoggerListener.log Server version name:   Apache Tomcat/11.0.6
03-Feb-2026 07:57:48.410 INFO [main] org.apache.catalina.startup.VersionLoggerListener.log Server built:          Apr 1 2025 14:40:40 UTC
03-Feb-2026 07:57:48.410 INFO [main] org.apache.catalina.startup.VersionLoggerListener.log Server version number: 11.0.6.0
03-Feb-2026 07:57:48.410 INFO [main] org.apache.catalina.startup.VersionLoggerListener.log OS Name:               Mac OS X
03-Feb-2026 07:57:48.410 INFO [main] org.apache.catalina.startup.VersionLoggerListener.log OS Version:            15.2
03-Feb-2026 07:57:48.410 INFO [main] org.apache.catalina.startup.VersionLoggerListener.log Architecture:          aarch64
03-Feb-2026 07:57:48.410 INFO [main] org.apache.catalina.startup.VersionLoggerListener.log Java Home:             /Users/shyamyadav/Documents/Java/jdk-24.jdk/Contents/Home
03-Feb-2026 07:57:48.410 INFO [main] org.apache.catalina.startup.VersionLoggerListener.log JVM Version:           24+36-3646
03-Feb-2026 07:57:48.410 INFO [main] org.apache.catalina.startup.VersionLoggerListener.log JVM Vendor:            Oracle Corporation
03-Feb-2026 07:57:48.411 INFO [main] org.apache.catalina.startup.VersionLoggerListener.log CATALINA_BASE:         /Users/shyamyadav/Downloads/selexp-lms
03-Feb-2026 07:57:48.411 INFO [main] org.apache.catalina.startup.VersionLoggerListener.log CATALINA_HOME:         /Users/shyamyadav/Documents/apache-tomcat-11.0.6
03-Feb-2026 07:57:48.415 INFO [main] org.apache.catalina.startup.VersionLoggerListener.log Command line argument: --add-opens=java.base/java.lang=ALL-UNNAMED
03-Feb-2026 07:57:48.416 INFO [main] org.apache.catalina.startup.VersionLoggerListener.log Command line argument: --add-opens=java.base/java.io=ALL-UNNAMED
03-Feb-2026 07:57:48.416 INFO [main] org.apache.catalina.startup.VersionLoggerListener.log Command line argument: --add-opens=java.base/java.util=ALL-UNNAMED
03-Feb-2026 07:57:48.416 INFO [main] org.apache.catalina.startup.VersionLoggerListener.log Command line argument: --add-opens=java.base/java.util.concurrent=ALL-UNNAMED
03-Feb-2026 07:57:48.416 INFO [main] org.apache.catalina.startup.VersionLoggerListener.log Command line argument: --add-opens=java.rmi/sun.rmi.transport=ALL-UNNAMED
03-Feb-2026 07:57:48.416 INFO [main] org.apache.catalina.startup.VersionLoggerListener.log Command line argument: -Dcatalina.home=/Users/shyamyadav/Documents/apache-tomcat-11.0.6
03-Feb-2026 07:57:48.416 INFO [main] org.apache.catalina.startup.VersionLoggerListener.log Command line argument: -Dcatalina.base=/Users/shyamyadav/Downloads/selexp-lms
03-Feb-2026 07:57:48.416 INFO [main] org.apache.catalina.startup.VersionLoggerListener.log Command line argument: -Djava.io.tmpdir=/Users/shyamyadav/Downloads/selexp-lms/temp
03-Feb-2026 07:57:48.416 INFO [main] org.apache.catalina.startup.VersionLoggerListener.log Command line argument: -Djava.util.logging.config.file=/Users/shyamyadav/Downloads/selexp-lms/conf/logging.properties
03-Feb-2026 07:57:48.416 INFO [main] org.apache.catalina.startup.VersionLoggerListener.log Command line argument: -Djava.util.logging.manager=org.apache.juli.ClassLoaderLogManager
03-Feb-2026 07:57:48.416 INFO [main] org.apache.catalina.startup.VersionLoggerListener.log Command line argument: -javaagent:/Applications/IntelliJ IDEA CE.app/Contents/lib/idea_rt.jar=49382
03-Feb-2026 07:57:48.416 INFO [main] org.apache.catalina.startup.VersionLoggerListener.log Command line argument: -Dfile.encoding=UTF-8
03-Feb-2026 07:57:48.416 INFO [main] org.apache.catalina.startup.VersionLoggerListener.log Command line argument: -Dsun.stdout.encoding=UTF-8
03-Feb-2026 07:57:48.416 INFO [main] org.apache.catalina.startup.VersionLoggerListener.log Command line argument: -Dsun.stderr.encoding=UTF-8
03-Feb-2026 07:57:48.420 INFO [main] org.apache.catalina.core.AprLifecycleListener.lifecycleEvent The Apache Tomcat Native library which allows using OpenSSL was not found on the java.library.path: [/Users/shyamyadav/Library/Java/Extensions:/Library/Java/Extensions:/Network/Library/Java/Extensions:/System/Library/Java/Extensions:/usr/lib/java:.]
03-Feb-2026 07:57:48.525 INFO [main] org.apache.coyote.AbstractProtocol.init Initializing ProtocolHandler ["http-nio-8080"]
03-Feb-2026 07:57:48.530 INFO [main] org.apache.catalina.startup.Catalina.load Server initialization in [190] milliseconds
03-Feb-2026 07:57:48.546 INFO [main] org.apache.catalina.core.StandardService.startInternal Starting service [Catalina]
03-Feb-2026 07:57:48.547 INFO [main] org.apache.catalina.core.StandardEngine.startInternal Starting Servlet engine: [Apache Tomcat/11.0.6]
03-Feb-2026 07:57:48.550 INFO [main] org.apache.catalina.startup.HostConfig.deployDescriptor Deploying deployment descriptor [/Users/shyamyadav/Downloads/selexp-lms/conf/Catalina/localhost/selexp-lms.xml]
03-Feb-2026 07:57:49.120 INFO [main] org.apache.jasper.servlet.TldScanner.scanJars At least one JAR was scanned for TLDs yet contained no TLDs. Enable debug logging for this logger for a complete list of JARs that were scanned but no TLDs were found in them. Skipping unneeded JARs during scanning can improve startup time and JSP compilation time.
03-Feb-2026 07:57:49.132 INFO [main] org.apache.catalina.startup.HostConfig.deployDescriptor Deployment of deployment descriptor [/Users/shyamyadav/Downloads/selexp-lms/conf/Catalina/localhost/selexp-lms.xml] has finished in [582] ms
03-Feb-2026 07:57:49.133 INFO [main] org.apache.coyote.AbstractProtocol.start Starting ProtocolHandler ["http-nio-8080"]
03-Feb-2026 07:57:49.136 INFO [main] org.apache.catalina.startup.Catalina.start Server startup in [605] milliseconds
03-Feb-2026 07:58:01.041 INFO [Thread-1] org.apache.coyote.AbstractProtocol.pause Pausing ProtocolHandler ["http-nio-8080"]
03-Feb-2026 07:58:01.042 INFO [Thread-1] org.apache.catalina.core.StandardService.stopInternal Stopping service [Catalina]
03-Feb-2026 07:58:01.045 INFO [Thread-1] org.apache.coyote.AbstractProtocol.stop Stopping ProtocolHandler ["http-nio-8080"]
03-Feb-2026 07:58:01.047 INFO [Thread-1] org.apache.coyote.AbstractProtocol.destroy Destroying ProtocolHandler ["http-nio-8080"]
03-Feb-2026 07:59:15.535 INFO [main] org.apache.catalina.startup.VersionLoggerListener.log Server version name:   Apache Tomcat/11.0.6
03-Feb-2026 07:59:15.537 INFO [main] org.apache.catalina.startup.VersionLoggerListener.log Server built:          Apr 1 2025 14:40:40 UTC
03-Feb-2026 07:59:15.537 INFO [main] org.apache.catalina.startup.VersionLoggerListener.log Server version number: 11.0.6.0
03-Feb-2026 07:59:15.537 INFO [main] org.apache.catalina.startup.VersionLoggerListener.log OS Name:               Mac OS X
03-Feb-2026 07:59:15.537 INFO [main] org.apache.catalina.startup.VersionLoggerListener.log OS Version:            15.2
03-Feb-2026 07:59:15.537 INFO [main] org.apache.catalina.startup.VersionLoggerListener.log Architecture:          aarch64
03-Feb-2026 07:59:15.537 INFO [main] org.apache.catalina.startup.VersionLoggerListener.log Java Home:             /Users/shyamyadav/Documents/Java/jdk-24.jdk/Contents/Home
03-Feb-2026 07:59:15.537 INFO [main] org.apache.catalina.startup.VersionLoggerListener.log JVM Version:           24+36-3646
03-Feb-2026 07:59:15.537 INFO [main] org.apache.catalina.startup.VersionLoggerListener.log JVM Vendor:            Oracle Corporation
03-Feb-2026 07:59:15.538 INFO [main] org.apache.catalina.startup.VersionLoggerListener.log CATALINA_BASE:         /Users/shyamyadav/Downloads/selexp-lms
03-Feb-2026 07:59:15.538 INFO [main] org.apache.catalina.startup.VersionLoggerListener.log CATALINA_HOME:         /Users/shyamyadav/Documents/apache-tomcat-11.0.6
03-Feb-2026 07:59:15.542 INFO [main] org.apache.catalina.startup.VersionLoggerListener.log Command line argument: --add-opens=java.base/java.lang=ALL-UNNAMED
03-Feb-2026 07:59:15.542 INFO [main] org.apache.catalina.startup.VersionLoggerListener.log Command line argument: --add-opens=java.base/java.io=ALL-UNNAMED
03-Feb-2026 07:59:15.542 INFO [main] org.apache.catalina.startup.VersionLoggerListener.log Command line argument: --add-opens=java.base/java.util=ALL-UNNAMED
03-Feb-2026 07:59:15.542 INFO [main] org.apache.catalina.startup.VersionLoggerListener.log Command line argument: --add-opens=java.base/java.util.concurrent=ALL-UNNAMED
03-Feb-2026 07:59:15.542 INFO [main] org.apache.catalina.startup.VersionLoggerListener.log Command line argument: --add-opens=java.rmi/sun.rmi.transport=ALL-UNNAMED
03-Feb-2026 07:59:15.542 INFO [main] org.apache.catalina.startup.VersionLoggerListener.log Command line argument: -Dcatalina.home=/Users/shyamyadav/Documents/apache-tomcat-11.0.6
03-Feb-2026 07:59:15.542 INFO [main] org.apache.catalina.startup.VersionLoggerListener.log Command line argument: -Dcatalina.base=/Users/shyamyadav/Downloads/selexp-lms
03-Feb-2026 07:59:15.542 INFO [main] org.apache.catalina.startup.VersionLoggerListener.log Command line argument: -Djava.io.tmpdir=/Users/shyamyadav/Downloads/selexp-lms/temp
03-Feb-2026 07:59:15.542 INFO [main] org.apache.catalina.startup.VersionLoggerListener.log Command line argument: -Djava.util.logging.config.file=/Users/shyamyadav/Downloads/selexp-lms/conf/logging.properties
03-Feb-2026 07:59:15.542 INFO [main] org.apache.catalina.startup.VersionLoggerListener.log Command line argument: -Djava.util.logging.manager=org.apache.juli.ClassLoaderLogManager
03-Feb-2026 07:59:15.543 INFO [main] org.apache.catalina.startup.VersionLoggerListener.log Command line argument: -javaagent:/Applications/IntelliJ IDEA CE.app/Contents/lib/idea_rt.jar=49386
03-Feb-2026 07:59:15.543 INFO [main] org.apache.catalina.startup.VersionLoggerListener.log Command line argument: -Dfile.encoding=UTF-8
03-Feb-2026 07:59:15.543 INFO [main] org.apache.catalina.startup.VersionLoggerListener.log Command line argument: -Dsun.stdout.encoding=UTF-8
03-Feb-2026 07:59:15.543 INFO [main] org.apache.catalina.startup.VersionLoggerListener.log Command line argument: -Dsun.stderr.encoding=UTF-8
03-Feb-2026 07:59:15.546 INFO [main] org.apache.catalina.core.AprLifecycleListener.lifecycleEvent The Apache Tomcat Native library which allows using OpenSSL was not found on the java.library.path: [/Users/shyamyadav/Library/Java/Extensions:/Library/Java/Extensions:/Network/Library/Java/Extensions:/System/Library/Java/Extensions:/usr/lib/java:.]
03-Feb-2026 07:59:15.651 INFO [main] org.apache.coyote.AbstractProtocol.init Initializing ProtocolHandler ["http-nio-8080"]
03-Feb-2026 07:59:15.656 INFO [main] org.apache.catalina.startup.Catalina.load Server initialization in [197] milliseconds
03-Feb-2026 07:59:15.670 INFO [main] org.apache.catalina.core.StandardService.startInternal Starting service [Catalina]
03-Feb-2026 07:59:15.670 INFO [main] org.apache.catalina.core.StandardEngine.startInternal Starting Servlet engine: [Apache Tomcat/11.0.6]
03-Feb-2026 07:59:15.673 INFO [main] org.apache.catalina.startup.HostConfig.deployDescriptor Deploying deployment descriptor [/Users/shyamyadav/Downloads/selexp-lms/conf/Catalina/localhost/selexp-lms.xml]
03-Feb-2026 07:59:16.239 INFO [main] org.apache.jasper.servlet.TldScanner.scanJars At least one JAR was scanned for TLDs yet contained no TLDs. Enable debug logging for this logger for a complete list of JARs that were scanned but no TLDs were found in them. Skipping unneeded JARs during scanning can improve startup time and JSP compilation time.
03-Feb-2026 07:59:16.251 INFO [main] org.apache.catalina.startup.HostConfig.deployDescriptor Deployment of deployment descriptor [/Users/shyamyadav/Downloads/selexp-lms/conf/Catalina/localhost/selexp-lms.xml] has finished in [577] ms
03-Feb-2026 07:59:16.252 INFO [main] org.apache.coyote.AbstractProtocol.start Starting ProtocolHandler ["http-nio-8080"]
03-Feb-2026 07:59:16.254 INFO [main] org.apache.catalina.startup.Catalina.start Server startup in [597] milliseconds
03-Feb-2026 07:59:21.507 INFO [Thread-1] org.apache.coyote.AbstractProtocol.pause Pausing ProtocolHandler ["http-nio-8080"]
03-Feb-2026 07:59:21.510 INFO [Thread-1] org.apache.catalina.core.StandardService.stopInternal Stopping service [Catalina]
03-Feb-2026 07:59:21.515 INFO [Thread-1] org.apache.coyote.AbstractProtocol.stop Stopping ProtocolHandler ["http-nio-8080"]
03-Feb-2026 07:59:21.517 INFO [Thread-1] org.apache.coyote.AbstractProtocol.destroy Destroying ProtocolHandler ["http-nio-8080"]
